// Jest Snapshot v1, https://goo.gl/fbAQLP

exports[`<App /> matches the snapshot 1`] = `
<div
  className="App"
>
  <header
    className="App-header"
  >
    <img
      alt="logo"
      className="App-logo"
      src="logo.svg"
    />
    <p>
      Edit 
      <code>
        src/App.js
      </code>
       and save to reload.
    </p>
    <Title
      text="I am title"
    />
    <a
      className="App-link"
      href="https://reactjs.org"
      rel="noopener noreferrer"
      target="_blank"
    >
      Learn React
    </a>
    <ul
      className="tyler"
    >
      <li>
        test
      </li>
      <li>
        test
      </li>
      <li>
        test
      </li>
    </ul>
  </header>
  <div>
    <p
      className="button-state"
    >
      No!
    </p>
    <button
      onClick={[Function]}
    >
      Click
    </button>
    <h2 />
    <input
      onChange={[Function]}
      type="text"
    />
  </div>
</div>
`;
